<csw:GetRecordsResponse xmlns:csw="http://www.opengis.net/cat/csw/2.0.2" xmlns:dc="http://purl.org/dc/elements/1.1/" xmlns:dct="http://purl.org/dc/terms/" xmlns:gco="http://www.isotc211.org/2005/gco" xmlns:gmd="http://www.isotc211.org/2005/gmd" xmlns:gml="http://www.opengis.net/gml" xmlns:ows="http://www.opengis.net/ows" xmlns:xs="http://www.w3.org/2001/XMLSchema" xmlns:xsi="http://www.w3.org/2001/XMLSchema-instance" version="2.0.2" xsi:schemaLocation="http://www.opengis.net/cat/csw/2.0.2 /csw/2.0.2/CSW-discovery.xsd">
  <csw:SearchStatus timestamp="2019-03-28T15:37:03Z"/>
  <csw:SearchResults nextRecord="0" numberOfRecordsMatched="2" numberOfRecordsReturned="2" recordSchema="http://www.isotc211.org/2005/gmd" elementSet="full">
    <gmd:MD_Metadata xsi:schemaLocation="http://www.isotc211.org/2005/gmd /csw/2.0.2/profiles/apiso/1.0.0/apiso.xsd">
      <gmd:fileIdentifier>
        <gco:CharacterString>R_SARDEG:0000000301:20190328:150302</gco:CharacterString>
      </gmd:fileIdentifier>
      <gmd:language>
        <gco:CharacterString>ita</gco:CharacterString>
      </gmd:language>
      <gmd:hierarchyLevel>
        <gmd:MD_ScopeCode codeList="http://www.isotc211.org/2005/resources/Codelist/gmxCodelists.xml#MD_ScopeCode" codeListValue="Dataset" codeSpace="ISOTC211/19115">Dataset</gmd:MD_ScopeCode>
      </gmd:hierarchyLevel>
      <gmd:contact/>
      <gmd:dateStamp>
        <gco:DateTime>2019-03-28T16:37:02Z</gco:DateTime>
      </gmd:dateStamp>
      <gmd:metadataStandardName>
        <gco:CharacterString>ISO19115</gco:CharacterString>
      </gmd:metadataStandardName>
      <gmd:metadataStandardVersion>
        <gco:CharacterString>2003/Cor.1:2006</gco:CharacterString>
      </gmd:metadataStandardVersion>
      <gmd:identificationInfo>
        <gmd:MD_DataIdentification id="R_SARDEG:0000000301:20190328:150302">
          <gmd:citation>
            <gmd:CI_Citation>
              <gmd:title>
                <gco:CharacterString>bluemarble</gco:CharacterString>
              </gmd:title>
              <gmd:date>
                <gmd:CI_Date>
                  <gmd:date>
                    <gco:DateTime>2019-03-28T16:37:02Z</gco:DateTime>
                  </gmd:date>
                  <gmd:dateType>
                    <gmd:CI_DateTypeCode codeList="http://www.isotc211.org/2005/resources/Codelist/gmxCodelists.xml#CI_DateTypeCode" codeListValue="creation" codeSpace="ISOTC211/19115">creation</gmd:CI_DateTypeCode>
                  </gmd:dateType>
                </gmd:CI_Date>
              </gmd:date>
              <gmd:date>
                <gmd:CI_Date>
                  <gmd:date>
                    <gco:DateTime>2019-03-28T16:37:02Z</gco:DateTime>
                  </gmd:date>
                  <gmd:dateType>
                    <gmd:CI_DateTypeCode codeList="http://www.isotc211.org/2005/resources/Codelist/gmxCodelists.xml#CI_DateTypeCode" codeListValue="publication" codeSpace="ISOTC211/19115">publication</gmd:CI_DateTypeCode>
                  </gmd:dateType>
                </gmd:CI_Date>
              </gmd:date>
              <gmd:date>
                <gmd:CI_Date>
                  <gmd:date>
                    <gco:DateTime>2019-03-28T16:37:02Z</gco:DateTime>
                  </gmd:date>
                  <gmd:dateType>
                    <gmd:CI_DateTypeCode codeList="http://www.isotc211.org/2005/resources/Codelist/gmxCodelists.xml#CI_DateTypeCode" codeListValue="revision" codeSpace="ISOTC211/19115">revision</gmd:CI_DateTypeCode>
                  </gmd:dateType>
                </gmd:CI_Date>
              </gmd:date>
            </gmd:CI_Citation>
          </gmd:citation>
          <gmd:abstract>
            <gco:CharacterString>Lorem ipsum sit amet</gco:CharacterString>
          </gmd:abstract>
          <gmd:descriptiveKeywords>
            <gmd:MD_Keywords>
              <gmd:keyword>
                <gco:CharacterString>Atmospheric conditions</gco:CharacterString>
              </gmd:keyword>
              <gmd:keyword>
                <gco:CharacterString>Cadastral parcels</gco:CharacterString>
              </gmd:keyword>
            </gmd:MD_Keywords>
          </gmd:descriptiveKeywords>
          <gmd:language>
            <gco:CharacterString/>
          </gmd:language>
        </gmd:MD_DataIdentification>
      </gmd:identificationInfo>
      <gmd:distributionInfo>
        <gmd:MD_Distribution>
          <gmd:transferOptions>
            <gmd:MD_DigitalTransferOptions>
              <gmd:onLine>
                <gmd:CI_OnlineResource>
                  <gmd:linkage>
                    <gmd:URL>http://localhost:8001/ows/?MAP=/home/ale/dev/python/gis3w/g3w-admin/catalog/tests/testdata/gruppo-1_un-progetto.qgs</gmd:URL>
                  </gmd:linkage>
                  <gmd:protocol>
                    <gco:CharacterString>OGC:WMS</gco:CharacterString>
                  </gmd:protocol>
                  <gmd:name>
                    <gco:CharacterString>WMS</gco:CharacterString>
                  </gmd:name>
                  <gmd:description>
                    <gco:CharacterString>WMS Server</gco:CharacterString>
                  </gmd:description>
                </gmd:CI_OnlineResource>
              </gmd:onLine>
            </gmd:MD_DigitalTransferOptions>
          </gmd:transferOptions>
        </gmd:MD_Distribution>
      </gmd:distributionInfo>
      <gmd:parentIdentifier>
        <gco:CharacterString>R_SARDEG:0000000301:20190328:150302</gco:CharacterString>
      </gmd:parentIdentifier>
      <gco:characterSet>
        <gco:MD_CharacterSetCode codeList="http://standards.iso.org/ittf/PubliclyAvailableStandards/ISO_19139_Schemas/resources/codelist/ML_gmxCodelists.xml#MD_CharacterSetCode" codeListValue="utf8">utf8</gco:MD_CharacterSetCode>
      </gco:characterSet>
      <gmd:LanguageCode codeList="http://www.loc.gov/standards/iso639" codeListValue="ita">ita</gmd:LanguageCode>
      <gmd:contact>
        <gmd:CI_ResponsibleParty>
          <gmd:contact>
            <gco:CharacterString>Ufficio Regionale RNDT</gco:CharacterString>
          </gmd:contact>
          <gmd:contactInfo>
            <gmd:CI_Contact>
              <gmd:phone>
                <gmd:CI_Telephone>
                  <gmd:voice>
                    <gco:CharacterString>+390706064325</gco:CharacterString>
                  </gmd:voice>
                </gmd:CI_Telephone>
              </gmd:phone>
              <gmd:address>
                <gmd:CI_Address>
                  <gmd:electronicMailAddress>
                    <gco:CharacterString>eell.urb.infocarto@regione.sardegna.it</gco:CharacterString>
                  </gmd:electronicMailAddress>
                </gmd:CI_Address>
              </gmd:address>
              <gmd:onlineResource>
                <gmd:CI_OnlineResource>
                  <gmd:linkage>
                    <gmd:URL>http://www.sardegnaterritorio.it</gmd:URL>
                  </gmd:linkage>
                </gmd:CI_OnlineResource>
              </gmd:onlineResource>
            </gmd:CI_Contact>
          </gmd:contactInfo>
          <gmd:role>
            <gmd:CI_RoleCode codeList="http://standards.iso.org/ittf/PubliclyAvailableStandards/ISO_19139_Schemas/resources/codelist/ML_gmxCodelists.xml#CI_RoleCode" codeListValue="pointOfContact">Point of contact</gmd:CI_RoleCode>
          </gmd:role>
        </gmd:CI_ResponsibleParty>
      </gmd:contact>
      <gmd:dataQualityInfo>
        <gmd:DQ_DataQuality>
          <gmd:DQ_Scope>
            <gmd:level>
              <gmd:MD_ScopeCode codeList="http://standards.iso.org/ittf/PubliclyAvailableStandards/ISO_19139_Schemas/resources/codelist/gmxCodelists.xml#MD_ScopeCode" codeListValue="service">Service</gmd:MD_ScopeCode>
            </gmd:level>
          </gmd:DQ_Scope>
          <gmd:report>
            <gmd:DQ_DomainConsistency>
              <gmd:result>
                <gmd:DQ_ConformanceResult>
                  <gmd:specification>
                    <gmd:CI_Citation>
                      <gmd:title>Commission Regulation (EU) No 1089/2010 of 23 November 2010 implementing Directive 2007/2/EC of the European Parliament and of the Council as regards interoperability of spatial data sets and services</gmd:title>
                      <gmd:date>
                        <gmd:CI_Date>
                          <gmd:date>
                            <gco:Date>2010-12-08</gco:Date>
                          </gmd:date>
                          <gmd:dateType>
                            <gmd:CI_DateTypeCode codeList="http://standards.iso.org/ittf/PubliclyAvailableStandards/ISO_19139_Schemas/resources/codelist/ML_gmxCodelists.xml#CI_DateTypeCode" codeListValue="publication">Publication</gmd:CI_DateTypeCode>
                          </gmd:dateType>
                        </gmd:CI_Date>
                      </gmd:date>
                    </gmd:CI_Citation>
                  </gmd:specification>
                  <gmd:explanation>Please refer to the supplied specifications.</gmd:explanation>
                  <gmd:pass/>
                  <gco:Boolean>true</gco:Boolean>
                </gmd:DQ_ConformanceResult>
              </gmd:result>
            </gmd:DQ_DomainConsistency>
          </gmd:report>
        </gmd:DQ_DataQuality>
      </gmd:dataQualityInfo>
    </gmd:MD_Metadata>
    <gmd:MD_Metadata xsi:schemaLocation="http://www.isotc211.org/2005/gmd /csw/2.0.2/profiles/apiso/1.0.0/apiso.xsd">
      <gmd:fileIdentifier>
        <gco:CharacterString>R_SARDEG:0000000300:20190328:150302</gco:CharacterString>
      </gmd:fileIdentifier>
      <gmd:language>
        <gco:CharacterString>eng</gco:CharacterString>
      </gmd:language>
      <gmd:hierarchyLevel>
        <gmd:MD_ScopeCode codeList="http://www.isotc211.org/2005/resources/Codelist/gmxCodelists.xml#MD_ScopeCode" codeListValue="Dataset" codeSpace="ISOTC211/19115">Dataset</gmd:MD_ScopeCode>
      </gmd:hierarchyLevel>
      <gmd:contact/>
      <gmd:dateStamp>
        <gco:DateTime>2019-03-28T16:37:02Z</gco:DateTime>
      </gmd:dateStamp>
      <gmd:metadataStandardName>
        <gco:CharacterString>ISO19115</gco:CharacterString>
      </gmd:metadataStandardName>
      <gmd:metadataStandardVersion>
        <gco:CharacterString>2003/Cor.1:2006</gco:CharacterString>
      </gmd:metadataStandardVersion>
      <gmd:identificationInfo>
        <gmd:MD_DataIdentification id="R_SARDEG:0000000300:20190328:150302">
          <gmd:citation>
            <gmd:CI_Citation>
              <gmd:title>
                <gco:CharacterString>world</gco:CharacterString>
              </gmd:title>
              <gmd:date>
                <gmd:CI_Date>
                  <gmd:date>
                    <gco:DateTime>2019-03-28T16:37:02Z</gco:DateTime>
                  </gmd:date>
                  <gmd:dateType>
                    <gmd:CI_DateTypeCode codeList="http://www.isotc211.org/2005/resources/Codelist/gmxCodelists.xml#CI_DateTypeCode" codeListValue="creation" codeSpace="ISOTC211/19115">creation</gmd:CI_DateTypeCode>
                  </gmd:dateType>
                </gmd:CI_Date>
              </gmd:date>
              <gmd:date>
                <gmd:CI_Date>
                  <gmd:date>
                    <gco:DateTime>2019-03-28T16:37:02Z</gco:DateTime>
                  </gmd:date>
                  <gmd:dateType>
                    <gmd:CI_DateTypeCode codeList="http://www.isotc211.org/2005/resources/Codelist/gmxCodelists.xml#CI_DateTypeCode" codeListValue="publication" codeSpace="ISOTC211/19115">publication</gmd:CI_DateTypeCode>
                  </gmd:dateType>
                </gmd:CI_Date>
              </gmd:date>
              <gmd:date>
                <gmd:CI_Date>
                  <gmd:date>
                    <gco:DateTime>2019-03-28T16:37:02Z</gco:DateTime>
                  </gmd:date>
                  <gmd:dateType>
                    <gmd:CI_DateTypeCode codeList="http://www.isotc211.org/2005/resources/Codelist/gmxCodelists.xml#CI_DateTypeCode" codeListValue="revision" codeSpace="ISOTC211/19115">revision</gmd:CI_DateTypeCode>
                  </gmd:dateType>
                </gmd:CI_Date>
              </gmd:date>
            </gmd:CI_Citation>
          </gmd:citation>
          <gmd:abstract>
            <gco:CharacterString>Lorem ipsum sit amet</gco:CharacterString>
          </gmd:abstract>
          <gmd:descriptiveKeywords>
            <gmd:MD_Keywords>
              <gmd:keyword>
                <gco:CharacterString>Atmospheric conditions</gco:CharacterString>
              </gmd:keyword>
              <gmd:keyword>
                <gco:CharacterString>Cadastral parcels</gco:CharacterString>
              </gmd:keyword>
            </gmd:MD_Keywords>
          </gmd:descriptiveKeywords>
          <gmd:language>
            <gco:CharacterString/>
          </gmd:language>
        </gmd:MD_DataIdentification>
      </gmd:identificationInfo>
      <gmd:distributionInfo>
        <gmd:MD_Distribution>
          <gmd:transferOptions>
            <gmd:MD_DigitalTransferOptions>
              <gmd:onLine>
                <gmd:CI_OnlineResource>
                  <gmd:linkage>
                    <gmd:URL>http://localhost:8001/ows/?MAP=/home/ale/dev/python/gis3w/g3w-admin/catalog/tests/testdata/gruppo-1_un-progetto.qgs</gmd:URL>
                  </gmd:linkage>
                  <gmd:protocol>
                    <gco:CharacterString>OGC:WMS</gco:CharacterString>
                  </gmd:protocol>
                  <gmd:name>
                    <gco:CharacterString>WMS</gco:CharacterString>
                  </gmd:name>
                  <gmd:description>
                    <gco:CharacterString>WMS Server</gco:CharacterString>
                  </gmd:description>
                </gmd:CI_OnlineResource>
              </gmd:onLine>
              <gmd:onLine>
                <gmd:CI_OnlineResource>
                  <gmd:linkage>
                    <gmd:URL>http://localhost:8001/ows/?MAP=/home/ale/dev/python/gis3w/g3w-admin/catalog/tests/testdata/gruppo-1_un-progetto.qgs</gmd:URL>
                  </gmd:linkage>
                  <gmd:protocol>
                    <gco:CharacterString>OGC:WFS</gco:CharacterString>
                  </gmd:protocol>
                  <gmd:name>
                    <gco:CharacterString>WFS</gco:CharacterString>
                  </gmd:name>
                  <gmd:description>
                    <gco:CharacterString>WFS Server</gco:CharacterString>
                  </gmd:description>
                </gmd:CI_OnlineResource>
              </gmd:onLine>
            </gmd:MD_DigitalTransferOptions>
          </gmd:transferOptions>
        </gmd:MD_Distribution>
      </gmd:distributionInfo>
      <gmd:parentIdentifier>
        <gco:CharacterString>R_SARDEG:0000000300:20190328:150302</gco:CharacterString>
      </gmd:parentIdentifier>
      <gmd:LanguageCode codeList="http://www.loc.gov/standards/iso639" codeListValue="ita">ita</gmd:LanguageCode>
      <gco:characterSet>
        <gco:MD_CharacterSetCode codeList="http://standards.iso.org/ittf/PubliclyAvailableStandards/ISO_19139_Schemas/resources/codelist/ML_gmxCodelists.xml#MD_CharacterSetCode" codeListValue="utf8">utf8</gco:MD_CharacterSetCode>
      </gco:characterSet>
      <gmd:contact>
        <gmd:CI_ResponsibleParty>
          <gmd:contact>
            <gco:CharacterString>Ufficio Regionale RNDT</gco:CharacterString>
          </gmd:contact>
          <gmd:contactInfo>
            <gmd:CI_Contact>
              <gmd:phone>
                <gmd:CI_Telephone>
                  <gmd:voice>
                    <gco:CharacterString>+390706064325</gco:CharacterString>
                  </gmd:voice>
                </gmd:CI_Telephone>
              </gmd:phone>
              <gmd:address>
                <gmd:CI_Address>
                  <gmd:electronicMailAddress>
                    <gco:CharacterString>eell.urb.infocarto@regione.sardegna.it</gco:CharacterString>
                  </gmd:electronicMailAddress>
                </gmd:CI_Address>
              </gmd:address>
              <gmd:onlineResource>
                <gmd:CI_OnlineResource>
                  <gmd:linkage>
                    <gmd:URL>http://www.sardegnaterritorio.it</gmd:URL>
                  </gmd:linkage>
                </gmd:CI_OnlineResource>
              </gmd:onlineResource>
            </gmd:CI_Contact>
          </gmd:contactInfo>
          <gmd:role>
            <gmd:CI_RoleCode codeList="http://standards.iso.org/ittf/PubliclyAvailableStandards/ISO_19139_Schemas/resources/codelist/ML_gmxCodelists.xml#CI_RoleCode" codeListValue="pointOfContact">Point of contact</gmd:CI_RoleCode>
          </gmd:role>
        </gmd:CI_ResponsibleParty>
      </gmd:contact>
      <gmd:dataQualityInfo>
        <gmd:DQ_DataQuality>
          <gmd:DQ_Scope>
            <gmd:level>
              <gmd:MD_ScopeCode codeList="http://standards.iso.org/ittf/PubliclyAvailableStandards/ISO_19139_Schemas/resources/codelist/gmxCodelists.xml#MD_ScopeCode" codeListValue="service">Service</gmd:MD_ScopeCode>
            </gmd:level>
          </gmd:DQ_Scope>
          <gmd:report>
            <gmd:DQ_DomainConsistency>
              <gmd:result>
                <gmd:DQ_ConformanceResult>
                  <gmd:specification>
                    <gmd:CI_Citation>
                      <gmd:title>Commission Regulation (EU) No 1089/2010 of 23 November 2010 implementing Directive 2007/2/EC of the European Parliament and of the Council as regards interoperability of spatial data sets and services</gmd:title>
                      <gmd:date>
                        <gmd:CI_Date>
                          <gmd:date>
                            <gco:Date>2010-12-08</gco:Date>
                          </gmd:date>
                          <gmd:dateType>
                            <gmd:CI_DateTypeCode codeList="http://standards.iso.org/ittf/PubliclyAvailableStandards/ISO_19139_Schemas/resources/codelist/ML_gmxCodelists.xml#CI_DateTypeCode" codeListValue="publication">Publication</gmd:CI_DateTypeCode>
                          </gmd:dateType>
                        </gmd:CI_Date>
                      </gmd:date>
                    </gmd:CI_Citation>
                  </gmd:specification>
                  <gmd:explanation>Please refer to the supplied specifications.</gmd:explanation>
                  <gmd:pass/>
                  <gco:Boolean>true</gco:Boolean>
                </gmd:DQ_ConformanceResult>
              </gmd:result>
            </gmd:DQ_DomainConsistency>
          </gmd:report>
        </gmd:DQ_DataQuality>
      </gmd:dataQualityInfo>
    </gmd:MD_Metadata>
  </csw:SearchResults>
</csw:GetRecordsResponse>
